[2025-10-14 02:00:01] =========================================
[2025-10-14 02:00:01] Starting full backup of all databases...
[2025-10-14 02:00:01] =========================================
[2025-10-14 02:00:01] Creating MariaDB backup: mariadb_full_20251014_020001
[2025-10-14 02:00:02] ✓ MariaDB backup completed successfully - Size: 736K
[2025-10-14 02:00:02]   Location: /opt/databases/backups/mariadb_full_20251014_020001.sql.gz
[2025-10-14 02:00:02] Creating PostgreSQL backup: postgresql_full_20251014_020001
[2025-10-14 02:00:02] ✓ PostgreSQL backup completed successfully - Size: 4.0K
[2025-10-14 02:00:02]   Location: /opt/databases/backups/postgresql_full_20251014_020001.sql.gz
[2025-10-14 02:00:02] Creating MongoDB backup: mongodb_full_20251014_020001
2025-10-14T02:00:03.358+0000	writing admin.system.users to /tmp/backup/admin/system.users.bson
2025-10-14T02:00:03.360+0000	done dumping admin.system.users (1 document)
2025-10-14T02:00:03.360+0000	writing admin.system.version to /tmp/backup/admin/system.version.bson
2025-10-14T02:00:03.361+0000	done dumping admin.system.version (2 documents)
[2025-10-14 02:00:03] ✓ MongoDB backup completed successfully - Size: 4.0K
[2025-10-14 02:00:03]   Location: /opt/databases/backups/mongodb_full_20251014_020001.tar.gz
[2025-10-14 02:00:03] Creating Redis backup: redis_full_20251014_020001
Background saving started
[2025-10-14 02:00:09] ✓ Redis backup completed successfully - Size: 4.0K
[2025-10-14 02:00:09]   Location: /opt/databases/backups/redis_full_20251014_020001.rdb.gz
[2025-10-14 02:00:09] =========================================
[2025-10-14 02:00:09] Full backup completed
[2025-10-14 02:00:09] Success: 4 | Failed: 1
[2025-10-14 02:00:09] =========================================
